Hello Stylesheet!
Another css comment
Hello Javascript!
Another javascript comment